buhu 188
The book A great one costs 99.880000EUR
bebebe
my_struct dump:
{
my_int: -111;
my_long: -9223372036854775808;
nest.value: It works :);
name: Or doesn't it :( ?;
}
Ojeeej
abc
call produced: 8.181
call_wrap produced: 7.181

